[xacbank.workplace.com/login/input/index3b76.html]
[backblue.gif]
[fade.gif]
[index.html]
[xacbank.workplace.com/login/input/7uPi2z.html]
[xacbank.workplace.com/login/input/index454d.html]
[xacbank.workplace.com/login/input/e9ANzw.html]
[xacbank.workplace.com/login/input/theaustralian.com.html]
[xacbank.workplace.com/login/input/news.com.html]
[xacbank.workplace.com/login/input/kollosche.com.html]
[xacbank.workplace.com/login/input/index3b76.html]
[xacbank.workplace.com/login/input/index454d.html]
[xacbank.workplace.com/login/input/awstrack.html]
[xacbank.workplace.com/login/input/7uPi2z.html]
[xacbank.workplace.com/login/input/7uPi2z4964.html]
[xacbank.workplace.com/login/input/e9ANzw.html]
[xacbank.workplace.com/login/input/theaustralian.com.html]
[xacbank.workplace.com/login/input/news.com.html]
[xacbank.workplace.com/login/input/kollosche.com.html]
[xacbank.workplace.com/login/input/awstrack.html]
[xacbank.workplace.com/login/input/7uPi2z4964.html]
[xacbank.workplace.com/login/input/e9ANzw4964.html]
[xacbank.workplace.com/login/input/e9ANzw4964.html]
